<?xml version="1.0" encoding="ISO-8859-1" ?>
<link_info>
   <banner>TI ARM Linker Unix v20.2.2.LTS</banner>
   <copyright>Copyright (c) 1996-2018 Texas Instruments Incorporated</copyright>
   <link_time>0x62b1f73d</link_time>
   <link_errors>0x0</link_errors>
   <output_file>IOT_TLS.out</output_file>
   <entry_point>
      <name>_c_int00_noargs</name>
      <address>0x8771</address>
   </entry_point>
   <input_file_list>
      <input_file id="fl-1">
         <path>./</path>
         <kind>object</kind>
         <file>clock.obj</file>
         <name>clock.obj</name>
      </input_file>
      <input_file id="fl-2">
         <path>./</path>
         <kind>object</kind>
         <file>dhcp.obj</file>
         <name>dhcp.obj</name>
      </input_file>
      <input_file id="fl-3">
         <path>./</path>
         <kind>object</kind>
         <file>eeprom.obj</file>
         <name>eeprom.obj</name>
      </input_file>
      <input_file id="fl-4">
         <path>./</path>
         <kind>object</kind>
         <file>eth0.obj</file>
         <name>eth0.obj</name>
      </input_file>
      <input_file id="fl-5">
         <path>./</path>
         <kind>object</kind>
         <file>ethernet_dhcp.obj</file>
         <name>ethernet_dhcp.obj</name>
      </input_file>
      <input_file id="fl-6">
         <path>./</path>
         <kind>object</kind>
         <file>gpio.obj</file>
         <name>gpio.obj</name>
      </input_file>
      <input_file id="fl-7">
         <path>./</path>
         <kind>object</kind>
         <file>spi0.obj</file>
         <name>spi0.obj</name>
      </input_file>
      <input_file id="fl-8">
         <path>./</path>
         <kind>object</kind>
         <file>tcpClient.obj</file>
         <name>tcpClient.obj</name>
      </input_file>
      <input_file id="fl-9">
         <path>./</path>
         <kind>object</kind>
         <file>timer.obj</file>
         <name>timer.obj</name>
      </input_file>
      <input_file id="fl-a">
         <path>./</path>
         <kind>object</kind>
         <file>tlsClient.obj</file>
         <name>tlsClient.obj</name>
      </input_file>
      <input_file id="fl-b">
         <path>./</path>
         <kind>object</kind>
         <file>tm4c123gh6pm_startup_ccs.obj</file>
         <name>tm4c123gh6pm_startup_ccs.obj</name>
      </input_file>
      <input_file id="fl-c">
         <path>./</path>
         <kind>object</kind>
         <file>uart0.obj</file>
         <name>uart0.obj</name>
      </input_file>
      <input_file id="fl-d">
         <path>./</path>
         <kind>object</kind>
         <file>wait.obj</file>
         <name>wait.obj</name>
      </input_file>
      <input_file id="fl-11">
         <kind>object</kind>
         <file>&lt;internal&gt;</file>
         <name>&lt;internal&gt;</name>
      </input_file>
      <input_file id="fl-c7">
         <path>/Applications/ti/ccs1020/ccs/tools/compiler/ti-cgt-arm_20.2.2.LTS/lib/</path>
         <kind>archive</kind>
         <file>rtsv7M4_T_le_v4SPD16_eabi.lib</file>
         <name>sprintf.c.obj</name>
      </input_file>
      <input_file id="fl-c8">
         <path>/Applications/ti/ccs1020/ccs/tools/compiler/ti-cgt-arm_20.2.2.LTS/lib/</path>
         <kind>archive</kind>
         <file>rtsv7M4_T_le_v4SPD16_eabi.lib</file>
         <name>sscanf.c.obj</name>
      </input_file>
      <input_file id="fl-c9">
         <path>/Applications/ti/ccs1020/ccs/tools/compiler/ti-cgt-arm_20.2.2.LTS/lib/</path>
         <kind>archive</kind>
         <file>rtsv7M4_T_le_v4SPD16_eabi.lib</file>
         <name>fd_mul_t2.asm.obj</name>
      </input_file>
      <input_file id="fl-ca">
         <path>/Applications/ti/ccs1020/ccs/tools/compiler/ti-cgt-arm_20.2.2.LTS/lib/</path>
         <kind>archive</kind>
         <file>rtsv7M4_T_le_v4SPD16_eabi.lib</file>
         <name>fd_tou_t2.asm.obj</name>
      </input_file>
      <input_file id="fl-cb">
         <path>/Applications/ti/ccs1020/ccs/tools/compiler/ti-cgt-arm_20.2.2.LTS/lib/</path>
         <kind>archive</kind>
         <file>rtsv7M4_T_le_v4SPD16_eabi.lib</file>
         <name>memcpy_t2.asm.obj</name>
      </input_file>
      <input_file id="fl-cc">
         <path>/Applications/ti/ccs1020/ccs/tools/compiler/ti-cgt-arm_20.2.2.LTS/lib/</path>
         <kind>archive</kind>
         <file>rtsv7M4_T_le_v4SPD16_eabi.lib</file>
         <name>u_tofd_t2.asm.obj</name>
      </input_file>
      <input_file id="fl-cd">
         <path>/Applications/ti/ccs1020/ccs/tools/compiler/ti-cgt-arm_20.2.2.LTS/lib/</path>
         <kind>archive</kind>
         <file>rtsv7M4_T_le_v4SPD16_eabi.lib</file>
         <name>memset_t2.asm.obj</name>
      </input_file>
      <input_file id="fl-ce">
         <path>/Applications/ti/ccs1020/ccs/tools/compiler/ti-cgt-arm_20.2.2.LTS/lib/</path>
         <kind>archive</kind>
         <file>rtsv7M4_T_le_v4SPD16_eabi.lib</file>
         <name>copy_zero_init.c.obj</name>
      </input_file>
      <input_file id="fl-cf">
         <path>/Applications/ti/ccs1020/ccs/tools/compiler/ti-cgt-arm_20.2.2.LTS/lib/</path>
         <kind>archive</kind>
         <file>rtsv7M4_T_le_v4SPD16_eabi.lib</file>
         <name>copy_decompress_none.c.obj</name>
      </input_file>
      <input_file id="fl-d0">
         <path>/Applications/ti/ccs1020/ccs/tools/compiler/ti-cgt-arm_20.2.2.LTS/lib/</path>
         <kind>archive</kind>
         <file>rtsv7M4_T_le_v4SPD16_eabi.lib</file>
         <name>copy_decompress_lzss.c.obj</name>
      </input_file>
      <input_file id="fl-d1">
         <path>/Applications/ti/ccs1020/ccs/tools/compiler/ti-cgt-arm_20.2.2.LTS/lib/</path>
         <kind>archive</kind>
         <file>rtsv7M4_T_le_v4SPD16_eabi.lib</file>
         <name>ctype.c.obj</name>
      </input_file>
      <input_file id="fl-d2">
         <path>/Applications/ti/ccs1020/ccs/tools/compiler/ti-cgt-arm_20.2.2.LTS/lib/</path>
         <kind>archive</kind>
         <file>rtsv7M4_T_le_v4SPD16_eabi.lib</file>
         <name>strcmp.c.obj</name>
      </input_file>
      <input_file id="fl-d3">
         <path>/Applications/ti/ccs1020/ccs/tools/compiler/ti-cgt-arm_20.2.2.LTS/lib/</path>
         <kind>archive</kind>
         <file>rtsv7M4_T_le_v4SPD16_eabi.lib</file>
         <name>strtok.c.obj</name>
      </input_file>
      <input_file id="fl-d4">
         <path>/Applications/ti/ccs1020/ccs/tools/compiler/ti-cgt-arm_20.2.2.LTS/lib/</path>
         <kind>archive</kind>
         <file>rtsv7M4_T_le_v4SPD16_eabi.lib</file>
         <name>tolower.c.obj</name>
      </input_file>
      <input_file id="fl-d5">
         <path>/Applications/ti/ccs1020/ccs/tools/compiler/ti-cgt-arm_20.2.2.LTS/lib/</path>
         <kind>archive</kind>
         <file>rtsv7M4_T_le_v4SPD16_eabi.lib</file>
         <name>boot_cortex_m.c.obj</name>
      </input_file>
      <input_file id="fl-d6">
         <path>/Applications/ti/ccs1020/ccs/tools/compiler/ti-cgt-arm_20.2.2.LTS/lib/</path>
         <kind>archive</kind>
         <file>rtsv7M4_T_le_v4SPD16_eabi.lib</file>
         <name>_printfi.c.obj</name>
      </input_file>
      <input_file id="fl-d7">
         <path>/Applications/ti/ccs1020/ccs/tools/compiler/ti-cgt-arm_20.2.2.LTS/lib/</path>
         <kind>archive</kind>
         <file>rtsv7M4_T_le_v4SPD16_eabi.lib</file>
         <name>_scanfi.c.obj</name>
      </input_file>
      <input_file id="fl-d8">
         <path>/Applications/ti/ccs1020/ccs/tools/compiler/ti-cgt-arm_20.2.2.LTS/lib/</path>
         <kind>archive</kind>
         <file>rtsv7M4_T_le_v4SPD16_eabi.lib</file>
         <name>fd_add_t2.asm.obj</name>
      </input_file>
      <input_file id="fl-d9">
         <path>/Applications/ti/ccs1020/ccs/tools/compiler/ti-cgt-arm_20.2.2.LTS/lib/</path>
         <kind>archive</kind>
         <file>rtsv7M4_T_le_v4SPD16_eabi.lib</file>
         <name>fd_cmp_t2.asm.obj</name>
      </input_file>
      <input_file id="fl-da">
         <path>/Applications/ti/ccs1020/ccs/tools/compiler/ti-cgt-arm_20.2.2.LTS/lib/</path>
         <kind>archive</kind>
         <file>rtsv7M4_T_le_v4SPD16_eabi.lib</file>
         <name>fd_div_t2.asm.obj</name>
      </input_file>
      <input_file id="fl-db">
         <path>/Applications/ti/ccs1020/ccs/tools/compiler/ti-cgt-arm_20.2.2.LTS/lib/</path>
         <kind>archive</kind>
         <file>rtsv7M4_T_le_v4SPD16_eabi.lib</file>
         <name>fd_toi_t2.asm.obj</name>
      </input_file>
      <input_file id="fl-dc">
         <path>/Applications/ti/ccs1020/ccs/tools/compiler/ti-cgt-arm_20.2.2.LTS/lib/</path>
         <kind>archive</kind>
         <file>rtsv7M4_T_le_v4SPD16_eabi.lib</file>
         <name>fd_tos_t2.asm.obj</name>
      </input_file>
      <input_file id="fl-dd">
         <path>/Applications/ti/ccs1020/ccs/tools/compiler/ti-cgt-arm_20.2.2.LTS/lib/</path>
         <kind>archive</kind>
         <file>rtsv7M4_T_le_v4SPD16_eabi.lib</file>
         <name>i_tofd_t2.asm.obj</name>
      </input_file>
      <input_file id="fl-de">
         <path>/Applications/ti/ccs1020/ccs/tools/compiler/ti-cgt-arm_20.2.2.LTS/lib/</path>
         <kind>archive</kind>
         <file>rtsv7M4_T_le_v4SPD16_eabi.lib</file>
         <name>ull_div_t2.asm.obj</name>
      </input_file>
      <input_file id="fl-df">
         <path>/Applications/ti/ccs1020/ccs/tools/compiler/ti-cgt-arm_20.2.2.LTS/lib/</path>
         <kind>archive</kind>
         <file>rtsv7M4_T_le_v4SPD16_eabi.lib</file>
         <name>autoinit.c.obj</name>
      </input_file>
      <input_file id="fl-e0">
         <path>/Applications/ti/ccs1020/ccs/tools/compiler/ti-cgt-arm_20.2.2.LTS/lib/</path>
         <kind>archive</kind>
         <file>rtsv7M4_T_le_v4SPD16_eabi.lib</file>
         <name>pre_init.c.obj</name>
      </input_file>
      <input_file id="fl-e1">
         <path>/Applications/ti/ccs1020/ccs/tools/compiler/ti-cgt-arm_20.2.2.LTS/lib/</path>
         <kind>archive</kind>
         <file>rtsv7M4_T_le_v4SPD16_eabi.lib</file>
         <name>cpy_tbl.c.obj</name>
      </input_file>
      <input_file id="fl-e2">
         <path>/Applications/ti/ccs1020/ccs/tools/compiler/ti-cgt-arm_20.2.2.LTS/lib/</path>
         <kind>archive</kind>
         <file>rtsv7M4_T_le_v4SPD16_eabi.lib</file>
         <name>exit.c.obj</name>
      </input_file>
      <input_file id="fl-e3">
         <path>/Applications/ti/ccs1020/ccs/tools/compiler/ti-cgt-arm_20.2.2.LTS/lib/</path>
         <kind>archive</kind>
         <file>rtsv7M4_T_le_v4SPD16_eabi.lib</file>
         <name>_lock.c.obj</name>
      </input_file>
      <input_file id="fl-e4">
         <path>/Applications/ti/ccs1020/ccs/tools/compiler/ti-cgt-arm_20.2.2.LTS/lib/</path>
         <kind>archive</kind>
         <file>rtsv7M4_T_le_v4SPD16_eabi.lib</file>
         <name>_ltoa.c.obj</name>
      </input_file>
      <input_file id="fl-e5">
         <path>/Applications/ti/ccs1020/ccs/tools/compiler/ti-cgt-arm_20.2.2.LTS/lib/</path>
         <kind>archive</kind>
         <file>rtsv7M4_T_le_v4SPD16_eabi.lib</file>
         <name>args_main.c.obj</name>
      </input_file>
      <input_file id="fl-e6">
         <path>/Applications/ti/ccs1020/ccs/tools/compiler/ti-cgt-arm_20.2.2.LTS/lib/</path>
         <kind>archive</kind>
         <file>rtsv7M4_T_le_v4SPD16_eabi.lib</file>
         <name>atoi.c.obj</name>
      </input_file>
      <input_file id="fl-e7">
         <path>/Applications/ti/ccs1020/ccs/tools/compiler/ti-cgt-arm_20.2.2.LTS/lib/</path>
         <kind>archive</kind>
         <file>rtsv7M4_T_le_v4SPD16_eabi.lib</file>
         <name>memccpy.c.obj</name>
      </input_file>
      <input_file id="fl-e8">
         <path>/Applications/ti/ccs1020/ccs/tools/compiler/ti-cgt-arm_20.2.2.LTS/lib/</path>
         <kind>archive</kind>
         <file>rtsv7M4_T_le_v4SPD16_eabi.lib</file>
         <name>strchr.c.obj</name>
      </input_file>
      <input_file id="fl-e9">
         <path>/Applications/ti/ccs1020/ccs/tools/compiler/ti-cgt-arm_20.2.2.LTS/lib/</path>
         <kind>archive</kind>
         <file>rtsv7M4_T_le_v4SPD16_eabi.lib</file>
         <name>strcpy.c.obj</name>
      </input_file>
      <input_file id="fl-ea">
         <path>/Applications/ti/ccs1020/ccs/tools/compiler/ti-cgt-arm_20.2.2.LTS/lib/</path>
         <kind>archive</kind>
         <file>rtsv7M4_T_le_v4SPD16_eabi.lib</file>
         <name>strcspn.c.obj</name>
      </input_file>
      <input_file id="fl-eb">
         <path>/Applications/ti/ccs1020/ccs/tools/compiler/ti-cgt-arm_20.2.2.LTS/lib/</path>
         <kind>archive</kind>
         <file>rtsv7M4_T_le_v4SPD16_eabi.lib</file>
         <name>strlen.c.obj</name>
      </input_file>
      <input_file id="fl-ec">
         <path>/Applications/ti/ccs1020/ccs/tools/compiler/ti-cgt-arm_20.2.2.LTS/lib/</path>
         <kind>archive</kind>
         <file>rtsv7M4_T_le_v4SPD16_eabi.lib</file>
         <name>strrchr.c.obj</name>
      </input_file>
      <input_file id="fl-ed">
         <path>/Applications/ti/ccs1020/ccs/tools/compiler/ti-cgt-arm_20.2.2.LTS/lib/</path>
         <kind>archive</kind>
         <file>rtsv7M4_T_le_v4SPD16_eabi.lib</file>
         <name>strspn.c.obj</name>
      </input_file>
      <input_file id="fl-ee">
         <path>/Applications/ti/ccs1020/ccs/tools/compiler/ti-cgt-arm_20.2.2.LTS/lib/</path>
         <kind>archive</kind>
         <file>rtsv7M4_T_le_v4SPD16_eabi.lib</file>
         <name>strtod.c.obj</name>
      </input_file>
      <input_file id="fl-ef">
         <path>/Applications/ti/ccs1020/ccs/tools/compiler/ti-cgt-arm_20.2.2.LTS/lib/</path>
         <kind>archive</kind>
         <file>rtsv7M4_T_le_v4SPD16_eabi.lib</file>
         <name>strtol.c.obj</name>
      </input_file>
      <input_file id="fl-f0">
         <path>/Applications/ti/ccs1020/ccs/tools/compiler/ti-cgt-arm_20.2.2.LTS/lib/</path>
         <kind>archive</kind>
         <file>rtsv7M4_T_le_v4SPD16_eabi.lib</file>
         <name>strtoll.c.obj</name>
      </input_file>
      <input_file id="fl-f1">
         <path>/Applications/ti/ccs1020/ccs/tools/compiler/ti-cgt-arm_20.2.2.LTS/lib/</path>
         <kind>archive</kind>
         <file>rtsv7M4_T_le_v4SPD16_eabi.lib</file>
         <name>strtoul.c.obj</name>
      </input_file>
      <input_file id="fl-f2">
         <path>/Applications/ti/ccs1020/ccs/tools/compiler/ti-cgt-arm_20.2.2.LTS/lib/</path>
         <kind>archive</kind>
         <file>rtsv7M4_T_le_v4SPD16_eabi.lib</file>
         <name>strtoull.c.obj</name>
      </input_file>
      <input_file id="fl-f3">
         <path>/Applications/ti/ccs1020/ccs/tools/compiler/ti-cgt-arm_20.2.2.LTS/lib/</path>
         <kind>archive</kind>
         <file>rtsv7M4_T_le_v4SPD16_eabi.lib</file>
         <name>errno.c.obj</name>
      </input_file>
      <input_file id="fl-f4">
         <path>/Applications/ti/ccs1020/ccs/tools/compiler/ti-cgt-arm_20.2.2.LTS/lib/</path>
         <kind>archive</kind>
         <file>rtsv7M4_T_le_v4SPD16_eabi.lib</file>
         <name>s_frexp.c.obj</name>
      </input_file>
      <input_file id="fl-f5">
         <path>/Applications/ti/ccs1020/ccs/tools/compiler/ti-cgt-arm_20.2.2.LTS/lib/</path>
         <kind>archive</kind>
         <file>rtsv7M4_T_le_v4SPD16_eabi.lib</file>
         <name>s_scalbn.c.obj</name>
      </input_file>
      <input_file id="fl-f6">
         <path>/Applications/ti/ccs1020/ccs/tools/compiler/ti-cgt-arm_20.2.2.LTS/lib/</path>
         <kind>archive</kind>
         <file>rtsv7M4_T_le_v4SPD16_eabi.lib</file>
         <name>wcslen.c.obj</name>
      </input_file>
      <input_file id="fl-f7">
         <path>/Applications/ti/ccs1020/ccs/tools/compiler/ti-cgt-arm_20.2.2.LTS/lib/</path>
         <kind>archive</kind>
         <file>rtsv7M4_T_le_v4SPD16_eabi.lib</file>
         <name>s_copysign.c.obj</name>
      </input_file>
      <input_file id="fl-f8">
         <path>/Applications/ti/ccs1020/ccs/tools/compiler/ti-cgt-arm_20.2.2.LTS/lib/</path>
         <kind>archive</kind>
         <file>rtsv7M4_T_le_v4SPD16_eabi.lib</file>
         <name>div0.asm.obj</name>
      </input_file>
      <input_file id="fl-f9">
         <path>/Applications/ti/ccs1020/ccs/tools/compiler/ti-cgt-arm_20.2.2.LTS/lib/</path>
         <kind>archive</kind>
         <file>rtsv7M4_T_le_v4SPD16_eabi.lib</file>
         <name>ll_mul_t2.asm.obj</name>
      </input_file>
   </input_file_list>
   <object_component_list>
      <object_component id="oc-12">
         <name>.intvecs</name>
         <load_address>0x0</load_address>
         <run_address>0x0</run_address>
         <size>0x26c</size>
         <input_file_ref idref="fl-b"/>
      </object_component>
      <object_component id="oc-ea">
         <name>.text</name>
         <load_address>0x26c</load_address>
         <run_address>0x26c</run_address>
         <size>0x1568</size>
         <input_file_ref idref="fl-4"/>
      </object_component>
      <object_component id="oc-fc">
         <name>.text</name>
         <load_address>0x17d4</load_address>
         <run_address>0x17d4</run_address>
         <size>0x111c</size>
         <input_file_ref idref="fl-2"/>
      </object_component>
      <object_component id="oc-b2">
         <name>.text</name>
         <load_address>0x28f0</load_address>
         <run_address>0x28f0</run_address>
         <size>0xb4c</size>
         <input_file_ref idref="fl-5"/>
      </object_component>
      <object_component id="oc-1e1">
         <name>.text:__TI_scanfi</name>
         <load_address>0x343c</load_address>
         <run_address>0x343c</run_address>
         <size>0xaf0</size>
         <input_file_ref idref="fl-d7"/>
      </object_component>
      <object_component id="oc-219">
         <name>.text</name>
         <load_address>0x3f2c</load_address>
         <run_address>0x3f2c</run_address>
         <size>0xa88</size>
         <input_file_ref idref="fl-a"/>
      </object_component>
      <object_component id="oc-1a5">
         <name>.text:__TI_printfi</name>
         <load_address>0x49b4</load_address>
         <run_address>0x49b4</run_address>
         <size>0xa4e</size>
         <input_file_ref idref="fl-d6"/>
      </object_component>
      <object_component id="oc-3e3">
         <name>.text</name>
         <load_address>0x5402</load_address>
         <run_address>0x5402</run_address>
         <size>0x2</size>
         <input_file_ref idref="fl-f8"/>
      </object_component>
      <object_component id="oc-e4">
         <name>.text</name>
         <load_address>0x5404</load_address>
         <run_address>0x5404</run_address>
         <size>0x7c0</size>
         <input_file_ref idref="fl-6"/>
      </object_component>
      <object_component id="oc-126">
         <name>.text</name>
         <load_address>0x5bc4</load_address>
         <run_address>0x5bc4</run_address>
         <size>0x76c</size>
         <input_file_ref idref="fl-8"/>
      </object_component>
      <object_component id="oc-2ca">
         <name>.text:strtod</name>
         <load_address>0x6330</load_address>
         <run_address>0x6330</run_address>
         <size>0x460</size>
         <input_file_ref idref="fl-ee"/>
      </object_component>
      <object_component id="oc-2d">
         <name>.text</name>
         <load_address>0x6790</load_address>
         <run_address>0x6790</run_address>
         <size>0x338</size>
         <input_file_ref idref="fl-9"/>
      </object_component>
      <object_component id="oc-286">
         <name>.text:_pconv_a</name>
         <load_address>0x6ac8</load_address>
         <run_address>0x6ac8</run_address>
         <size>0x270</size>
         <input_file_ref idref="fl-d6"/>
      </object_component>
      <object_component id="oc-2db">
         <name>.text:strtoll</name>
         <load_address>0x6d38</load_address>
         <run_address>0x6d38</run_address>
         <size>0x1dc</size>
         <input_file_ref idref="fl-f0"/>
      </object_component>
      <object_component id="oc-274">
         <name>.text:_pconv_g</name>
         <load_address>0x6f14</load_address>
         <run_address>0x6f14</run_address>
         <size>0x1d0</size>
         <input_file_ref idref="fl-d6"/>
      </object_component>
      <object_component id="oc-357">
         <name>.text</name>
         <load_address>0x70e4</load_address>
         <run_address>0x70e4</run_address>
         <size>0x1b6</size>
         <input_file_ref idref="fl-d8"/>
      </object_component>
      <object_component id="oc-183">
         <name>.text</name>
         <load_address>0x729c</load_address>
         <run_address>0x729c</run_address>
         <size>0x160</size>
         <input_file_ref idref="fl-7"/>
      </object_component>
      <object_component id="oc-2be">
         <name>.text:strtoull</name>
         <load_address>0x73fc</load_address>
         <run_address>0x73fc</run_address>
         <size>0x15c</size>
         <input_file_ref idref="fl-f2"/>
      </object_component>
      <object_component id="oc-280">
         <name>.text:_pconv_e</name>
         <load_address>0x7558</load_address>
         <run_address>0x7558</run_address>
         <size>0x13c</size>
         <input_file_ref idref="fl-d6"/>
      </object_component>
      <object_component id="oc-33d">
         <name>.text</name>
         <load_address>0x7694</load_address>
         <run_address>0x7694</run_address>
         <size>0x136</size>
         <input_file_ref idref="fl-da"/>
      </object_component>
      <object_component id="oc-2d5">
         <name>.text:strtol</name>
         <load_address>0x77cc</load_address>
         <run_address>0x77cc</run_address>
         <size>0x130</size>
         <input_file_ref idref="fl-ef"/>
      </object_component>
      <object_component id="oc-369">
         <name>.text:fcvt</name>
         <load_address>0x78fc</load_address>
         <run_address>0x78fc</run_address>
         <size>0x124</size>
         <input_file_ref idref="fl-d6"/>
      </object_component>
      <object_component id="oc-f0">
         <name>.text</name>
         <load_address>0x7a20</load_address>
         <run_address>0x7a20</run_address>
         <size>0x124</size>
         <input_file_ref idref="fl-c"/>
      </object_component>
      <object_component id="oc-37d">
         <name>.text:scalbn</name>
         <load_address>0x7b44</load_address>
         <run_address>0x7b44</run_address>
         <size>0x110</size>
         <input_file_ref idref="fl-f5"/>
      </object_component>
      <object_component id="oc-2c4">
         <name>.text:strtoul</name>
         <load_address>0x7c54</load_address>
         <run_address>0x7c54</run_address>
         <size>0x110</size>
         <input_file_ref idref="fl-f1"/>
      </object_component>
      <object_component id="oc-1c9">
         <name>.text</name>
         <load_address>0x7d64</load_address>
         <run_address>0x7d64</run_address>
         <size>0xfc</size>
         <input_file_ref idref="fl-c9"/>
      </object_component>
      <object_component id="oc-269">
         <name>.text:_ltostr</name>
         <load_address>0x7e60</load_address>
         <run_address>0x7e60</run_address>
         <size>0xb1</size>
         <input_file_ref idref="fl-d6"/>
      </object_component>
      <object_component id="oc-41">
         <name>.text</name>
         <load_address>0x7f12</load_address>
         <run_address>0x7f12</run_address>
         <size>0x9c</size>
         <input_file_ref idref="fl-cb"/>
      </object_component>
      <object_component id="oc-336">
         <name>.text</name>
         <load_address>0x7fae</load_address>
         <run_address>0x7fae</run_address>
         <size>0x96</size>
         <input_file_ref idref="fl-de"/>
      </object_component>
      <object_component id="oc-26f">
         <name>.text:__aeabi_cdcmple</name>
         <load_address>0x8044</load_address>
         <run_address>0x8044</run_address>
         <size>0x86</size>
         <input_file_ref idref="fl-d9"/>
      </object_component>
      <object_component id="oc-342">
         <name>.text:__aeabi_cdrcmple</name>
         <load_address>0x80ca</load_address>
         <run_address>0x80ca</run_address>
         <size>0x86</size>
         <input_file_ref idref="fl-d9"/>
      </object_component>
      <object_component id="oc-102">
         <name>.text</name>
         <load_address>0x8150</load_address>
         <run_address>0x8150</run_address>
         <size>0x84</size>
         <input_file_ref idref="fl-3"/>
      </object_component>
      <object_component id="oc-a6">
         <name>.text</name>
         <load_address>0x81d4</load_address>
         <run_address>0x81d4</run_address>
         <size>0x7a</size>
         <input_file_ref idref="fl-cd"/>
      </object_component>
      <object_component id="oc-362">
         <name>.text:_mcpy</name>
         <load_address>0x824e</load_address>
         <run_address>0x824e</run_address>
         <size>0x6e</size>
         <input_file_ref idref="fl-d6"/>
      </object_component>
      <object_component id="oc-2d0">
         <name>.text</name>
         <load_address>0x82bc</load_address>
         <run_address>0x82bc</run_address>
         <size>0x6e</size>
         <input_file_ref idref="fl-dc"/>
      </object_component>
      <object_component id="oc-1f3">
         <name>.text:_chkmbc</name>
         <load_address>0x832c</load_address>
         <run_address>0x832c</run_address>
         <size>0x68</size>
         <input_file_ref idref="fl-c8"/>
      </object_component>
      <object_component id="oc-15">
         <name>.text:decompress:lzss:__TI_decompress_lzss</name>
         <load_address>0x8394</load_address>
         <run_address>0x8394</run_address>
         <size>0x68</size>
         <input_file_ref idref="fl-d0"/>
      </object_component>
      <object_component id="oc-377">
         <name>.text:frexp</name>
         <load_address>0x83fc</load_address>
         <run_address>0x83fc</run_address>
         <size>0x64</size>
         <input_file_ref idref="fl-f4"/>
      </object_component>
      <object_component id="oc-27a">
         <name>.text:_pconv_f</name>
         <load_address>0x8460</load_address>
         <run_address>0x8460</run_address>
         <size>0x56</size>
         <input_file_ref idref="fl-d6"/>
      </object_component>
      <object_component id="oc-34c">
         <name>.text:__TI_ltoa</name>
         <load_address>0x84b6</load_address>
         <run_address>0x84b6</run_address>
         <size>0x54</size>
         <input_file_ref idref="fl-e4"/>
      </object_component>
      <object_component id="oc-35c">
         <name>.text:_ecpy</name>
         <load_address>0x850a</load_address>
         <run_address>0x850a</run_address>
         <size>0x52</size>
         <input_file_ref idref="fl-d6"/>
      </object_component>
      <object_component id="oc-263">
         <name>.text:atoi</name>
         <load_address>0x855c</load_address>
         <run_address>0x855c</run_address>
         <size>0x4c</size>
         <input_file_ref idref="fl-e6"/>
      </object_component>
      <object_component id="oc-347">
         <name>.text</name>
         <load_address>0x85a8</load_address>
         <run_address>0x85a8</run_address>
         <size>0x48</size>
         <input_file_ref idref="fl-db"/>
      </object_component>
      <object_component id="oc-140">
         <name>.text:__TI_auto_init_nobinit_nopinit:__TI_auto_init_nobinit_nopinit</name>
         <load_address>0x85f0</load_address>
         <run_address>0x85f0</run_address>
         <size>0x44</size>
         <input_file_ref idref="fl-df"/>
      </object_component>
      <object_component id="oc-1ce">
         <name>.text</name>
         <load_address>0x8634</load_address>
         <run_address>0x8634</run_address>
         <size>0x44</size>
         <input_file_ref idref="fl-ca"/>
      </object_component>
      <object_component id="oc-f6">
         <name>.text:sprintf</name>
         <load_address>0x8678</load_address>
         <run_address>0x8678</run_address>
         <size>0x40</size>
         <input_file_ref idref="fl-c7"/>
      </object_component>
      <object_component id="oc-114">
         <name>.text:strtok</name>
         <load_address>0x86b8</load_address>
         <run_address>0x86b8</run_address>
         <size>0x40</size>
         <input_file_ref idref="fl-d3"/>
      </object_component>
      <object_component id="oc-36f">
         <name>.text:_fcpy</name>
         <load_address>0x86f8</load_address>
         <run_address>0x86f8</run_address>
         <size>0x3e</size>
         <input_file_ref idref="fl-d6"/>
      </object_component>
      <object_component id="oc-10e">
         <name>.text:sscanf</name>
         <load_address>0x8738</load_address>
         <run_address>0x8738</run_address>
         <size>0x38</size>
         <input_file_ref idref="fl-c8"/>
      </object_component>
      <object_component id="oc-5f">
         <name>.text:_c_int00_noargs:_c_int00_noargs</name>
         <load_address>0x8770</load_address>
         <run_address>0x8770</run_address>
         <size>0x34</size>
         <input_file_ref idref="fl-d5"/>
      </object_component>
      <object_component id="oc-352">
         <name>.text</name>
         <load_address>0x87a4</load_address>
         <run_address>0x87a4</run_address>
         <size>0x2e</size>
         <input_file_ref idref="fl-dd"/>
      </object_component>
      <object_component id="oc-1fb">
         <name>.text:strspn</name>
         <load_address>0x87d2</load_address>
         <run_address>0x87d2</run_address>
         <size>0x2a</size>
         <input_file_ref idref="fl-ed"/>
      </object_component>
      <object_component id="oc-201">
         <name>.text:strcspn</name>
         <load_address>0x87fc</load_address>
         <run_address>0x87fc</run_address>
         <size>0x24</size>
         <input_file_ref idref="fl-ea"/>
      </object_component>
      <object_component id="oc-12d">
         <name>.text</name>
         <load_address>0x8820</load_address>
         <run_address>0x8820</run_address>
         <size>0x24</size>
         <input_file_ref idref="fl-d"/>
      </object_component>
      <object_component id="oc-1c4">
         <name>.text</name>
         <load_address>0x8844</load_address>
         <run_address>0x8844</run_address>
         <size>0x20</size>
         <input_file_ref idref="fl-cc"/>
      </object_component>
      <object_component id="oc-4d">
         <name>.text:decompress:ZI:__TI_zero_init_nomemset:__TI_zero_init_nomemset</name>
         <load_address>0x8864</load_address>
         <run_address>0x8864</run_address>
         <size>0x1c</size>
         <input_file_ref idref="fl-ce"/>
      </object_component>
      <object_component id="oc-28c">
         <name>.text:memccpy</name>
         <load_address>0x8880</load_address>
         <run_address>0x8880</run_address>
         <size>0x1c</size>
         <input_file_ref idref="fl-e7"/>
      </object_component>
      <object_component id="oc-3fb">
         <name>.text:copysign</name>
         <load_address>0x889c</load_address>
         <run_address>0x889c</run_address>
         <size>0x1a</size>
         <input_file_ref idref="fl-f7"/>
      </object_component>
      <object_component id="oc-1ab">
         <name>.text:_outs</name>
         <load_address>0x88b6</load_address>
         <run_address>0x88b6</run_address>
         <size>0x18</size>
         <input_file_ref idref="fl-c7"/>
      </object_component>
      <object_component id="oc-3a7">
         <name>.text</name>
         <load_address>0x88ce</load_address>
         <run_address>0x88ce</run_address>
         <size>0x18</size>
         <input_file_ref idref="fl-f9"/>
      </object_component>
      <object_component id="oc-11a">
         <name>.text:strcmp</name>
         <load_address>0x88e6</load_address>
         <run_address>0x88e6</run_address>
         <size>0x18</size>
         <input_file_ref idref="fl-d2"/>
      </object_component>
      <object_component id="oc-2e1">
         <name>.text:strrchr</name>
         <load_address>0x88fe</load_address>
         <run_address>0x88fe</run_address>
         <size>0x18</size>
         <input_file_ref idref="fl-ec"/>
      </object_component>
      <object_component id="oc-2e7">
         <name>.text:strchr</name>
         <load_address>0x8916</load_address>
         <run_address>0x8916</run_address>
         <size>0x16</size>
         <input_file_ref idref="fl-e8"/>
      </object_component>
      <object_component id="oc-2b8">
         <name>.text:strcpy</name>
         <load_address>0x892c</load_address>
         <run_address>0x892c</run_address>
         <size>0x14</size>
         <input_file_ref idref="fl-e9"/>
      </object_component>
      <object_component id="oc-25d">
         <name>.text:strlen</name>
         <load_address>0x8940</load_address>
         <run_address>0x8940</run_address>
         <size>0x14</size>
         <input_file_ref idref="fl-eb"/>
      </object_component>
      <object_component id="oc-1e7">
         <name>.text:_inpchar</name>
         <load_address>0x8954</load_address>
         <run_address>0x8954</run_address>
         <size>0x12</size>
         <input_file_ref idref="fl-c8"/>
      </object_component>
      <object_component id="oc-292">
         <name>.text:wcslen</name>
         <load_address>0x8966</load_address>
         <run_address>0x8966</run_address>
         <size>0x12</size>
         <input_file_ref idref="fl-f6"/>
      </object_component>
      <object_component id="oc-de">
         <name>.text</name>
         <load_address>0x8978</load_address>
         <run_address>0x8978</run_address>
         <size>0x10</size>
         <input_file_ref idref="fl-1"/>
      </object_component>
      <object_component id="oc-108">
         <name>.text:tolower</name>
         <load_address>0x8988</load_address>
         <run_address>0x8988</run_address>
         <size>0x10</size>
         <input_file_ref idref="fl-d4"/>
      </object_component>
      <object_component id="oc-1b">
         <name>.text:decompress:none:__TI_decompress_none</name>
         <load_address>0x8998</load_address>
         <run_address>0x8998</run_address>
         <size>0xe</size>
         <input_file_ref idref="fl-cf"/>
      </object_component>
      <object_component id="oc-27">
         <name>.text</name>
         <load_address>0x89a6</load_address>
         <run_address>0x89a6</run_address>
         <size>0xc</size>
         <input_file_ref idref="fl-b"/>
      </object_component>
      <object_component id="oc-1b1">
         <name>.text:_outc</name>
         <load_address>0x89b2</load_address>
         <run_address>0x89b2</run_address>
         <size>0xa</size>
         <input_file_ref idref="fl-c7"/>
      </object_component>
      <object_component id="oc-298">
         <name>.text:__aeabi_errno_addr</name>
         <load_address>0x89bc</load_address>
         <run_address>0x89bc</run_address>
         <size>0x8</size>
         <input_file_ref idref="fl-f3"/>
      </object_component>
      <object_component id="oc-1ed">
         <name>.text:_uninpchar</name>
         <load_address>0x89c4</load_address>
         <run_address>0x89c4</run_address>
         <size>0x8</size>
         <input_file_ref idref="fl-c8"/>
      </object_component>
      <object_component id="oc-ac">
         <name>.text:_system_pre_init</name>
         <load_address>0x89cc</load_address>
         <run_address>0x89cc</run_address>
         <size>0x4</size>
         <input_file_ref idref="fl-e0"/>
      </object_component>
      <object_component id="oc-134">
         <name>.text:abort:abort</name>
         <load_address>0x89d0</load_address>
         <run_address>0x89d0</run_address>
         <size>0x4</size>
         <input_file_ref idref="fl-e2"/>
      </object_component>
      <object_component id="oc-30c">
         <name>.const:.string:$P$T0$1</name>
         <load_address>0x89d8</load_address>
         <run_address>0x89d8</run_address>
         <size>0x12c</size>
         <input_file_ref idref="fl-a"/>
      </object_component>
      <object_component id="oc-1dc">
         <name>.const:.string:_ctypes_</name>
         <load_address>0x8b04</load_address>
         <run_address>0x8b04</run_address>
         <size>0x101</size>
         <input_file_ref idref="fl-d1"/>
      </object_component>
      <object_component id="oc-3b0">
         <name>.const:$O1$$</name>
         <load_address>0x8c08</load_address>
         <run_address>0x8c08</run_address>
         <size>0xc8</size>
         <input_file_ref idref="fl-ee"/>
      </object_component>
      <object_component id="oc-2ed">
         <name>.const:$O1$$</name>
         <load_address>0x8cd0</load_address>
         <run_address>0x8cd0</run_address>
         <size>0x10</size>
         <input_file_ref idref="fl-d7"/>
      </object_component>
      <object_component id="oc-460">
         <name>.cinit..data.load</name>
         <load_address>0x8ce0</load_address>
         <run_address>0x8ce0</run_address>
         <size>0x22</size>
      </object_component>
      <object_component id="oc-45e">
         <name>__TI_handler_table</name>
         <load_address>0x8d04</load_address>
         <run_address>0x8d04</run_address>
         <size>0xc</size>
      </object_component>
      <object_component id="oc-461">
         <name>.cinit..bss.load</name>
         <load_address>0x8d10</load_address>
         <run_address>0x8d10</run_address>
         <size>0x8</size>
      </object_component>
      <object_component id="oc-45f">
         <name>__TI_cinit_table</name>
         <load_address>0x8d18</load_address>
         <run_address>0x8d18</run_address>
         <size>0x10</size>
      </object_component>
      <object_component id="oc-1be">
         <name>.data</name>
         <load_address>0x2000412e</load_address>
         <run_address>0x2000412e</run_address>
         <size>0x6</size>
         <input_file_ref idref="fl-2"/>
      </object_component>
      <object_component id="oc-189">
         <name>.data</name>
         <load_address>0x20004120</load_address>
         <run_address>0x20004120</run_address>
         <size>0x7</size>
         <input_file_ref idref="fl-4"/>
      </object_component>
      <object_component id="oc-18f">
         <name>.data:hwAddress</name>
         <load_address>0x20004134</load_address>
         <run_address>0x20004134</run_address>
         <size>0x6</size>
         <input_file_ref idref="fl-4"/>
      </object_component>
      <object_component id="oc-18c">
         <name>.data:ipAddress</name>
         <load_address>0x20004141</load_address>
         <run_address>0x20004141</run_address>
         <size>0x4</size>
         <input_file_ref idref="fl-4"/>
      </object_component>
      <object_component id="oc-192">
         <name>.data:ipSubnetMask</name>
         <load_address>0x2000414d</load_address>
         <run_address>0x2000414d</run_address>
         <size>0x4</size>
         <input_file_ref idref="fl-4"/>
      </object_component>
      <object_component id="oc-195">
         <name>.data:ipGwAddress</name>
         <load_address>0x20004149</load_address>
         <run_address>0x20004149</run_address>
         <size>0x4</size>
         <input_file_ref idref="fl-4"/>
      </object_component>
      <object_component id="oc-198">
         <name>.data:ipDnsAddress</name>
         <load_address>0x20004145</load_address>
         <run_address>0x20004145</run_address>
         <size>0x4</size>
         <input_file_ref idref="fl-4"/>
      </object_component>
      <object_component id="oc-19b">
         <name>.data:ipTimeServerAddress</name>
         <load_address>0x20004151</load_address>
         <run_address>0x20004151</run_address>
         <size>0x4</size>
         <input_file_ref idref="fl-4"/>
      </object_component>
      <object_component id="oc-120">
         <name>.data</name>
         <load_address>0x2000413c</load_address>
         <run_address>0x2000413c</run_address>
         <size>0x5</size>
         <input_file_ref idref="fl-5"/>
      </object_component>
      <object_component id="oc-216">
         <name>.data:serverIpAddress</name>
         <load_address>0x20004160</load_address>
         <run_address>0x20004160</run_address>
         <size>0x4</size>
         <input_file_ref idref="fl-8"/>
      </object_component>
      <object_component id="oc-212">
         <name>.data</name>
         <load_address>0x20004127</load_address>
         <run_address>0x20004127</run_address>
         <size>0x7</size>
         <input_file_ref idref="fl-8"/>
      </object_component>
      <object_component id="oc-309">
         <name>.data</name>
         <load_address>0x2000413a</load_address>
         <run_address>0x2000413a</run_address>
         <size>0x1</size>
         <input_file_ref idref="fl-a"/>
      </object_component>
      <object_component id="oc-207">
         <name>.data</name>
         <load_address>0x2000415c</load_address>
         <run_address>0x2000415c</run_address>
         <size>0x4</size>
         <input_file_ref idref="fl-d3"/>
      </object_component>
      <object_component id="oc-38d">
         <name>.data</name>
         <load_address>0x20004158</load_address>
         <run_address>0x20004158</run_address>
         <size>0x4</size>
         <input_file_ref idref="fl-f3"/>
      </object_component>
      <object_component id="oc-1c1">
         <name>.common:globalXid</name>
         <uninitialized>true</uninitialized>
         <run_address>0x200040fc</run_address>
         <size>0x4</size>
      </object_component>
      <object_component id="oc-1c2">
         <name>.common:ipOfferedAdd</name>
         <uninitialized>true</uninitialized>
         <run_address>0x20004100</run_address>
         <size>0x4</size>
      </object_component>
      <object_component id="oc-1c3">
         <name>.common:serverIdentifierAdd</name>
         <uninitialized>true</uninitialized>
         <run_address>0x2000410c</run_address>
         <size>0x4</size>
      </object_component>
      <object_component id="oc-1d3">
         <name>.common:subnetMaskAdd</name>
         <uninitialized>true</uninitialized>
         <run_address>0x20004110</run_address>
         <size>0x4</size>
      </object_component>
      <object_component id="oc-1d4">
         <name>.common:gateWayAdd</name>
         <uninitialized>true</uninitialized>
         <run_address>0x200040f8</run_address>
         <size>0x4</size>
      </object_component>
      <object_component id="oc-1d5">
         <name>.common:domainNameServerAdd</name>
         <uninitialized>true</uninitialized>
         <run_address>0x200040f4</run_address>
         <size>0x4</size>
      </object_component>
      <object_component id="oc-1d6">
         <name>.common:ipTimeServerAdd</name>
         <uninitialized>true</uninitialized>
         <run_address>0x20004104</run_address>
         <size>0x4</size>
      </object_component>
      <object_component id="oc-1d7">
         <name>.common:leaseTime</name>
         <uninitialized>true</uninitialized>
         <run_address>0x20004108</run_address>
         <size>0x4</size>
      </object_component>
      <object_component id="oc-1d8">
         <name>.common:t1LeaseTime</name>
         <uninitialized>true</uninitialized>
         <run_address>0x20004114</run_address>
         <size>0x4</size>
      </object_component>
      <object_component id="oc-1d9">
         <name>.common:t2LeaseTime</name>
         <uninitialized>true</uninitialized>
         <run_address>0x20004118</run_address>
         <size>0x4</size>
      </object_component>
      <object_component id="oc-123">
         <name>.common:strInput</name>
         <uninitialized>true</uninitialized>
         <run_address>0x20004000</run_address>
         <size>0x54</size>
      </object_component>
      <object_component id="oc-12c">
         <name>.common:token</name>
         <uninitialized>true</uninitialized>
         <run_address>0x2000411c</run_address>
         <size>0x4</size>
      </object_component>
      <object_component id="oc-215">
         <name>.common:socket</name>
         <uninitialized>true</uninitialized>
         <run_address>0x200040cc</run_address>
         <size>0x14</size>
      </object_component>
      <object_component id="oc-19e">
         <name>.common:routerMacAddress</name>
         <uninitialized>true</uninitialized>
         <run_address>0x200040ec</run_address>
         <size>0x8</size>
      </object_component>
      <object_component id="oc-78">
         <name>.common:fn</name>
         <uninitialized>true</uninitialized>
         <run_address>0x20004054</run_address>
         <size>0x28</size>
      </object_component>
      <object_component id="oc-74">
         <name>.common:period</name>
         <uninitialized>true</uninitialized>
         <run_address>0x2000407c</run_address>
         <size>0x28</size>
      </object_component>
      <object_component id="oc-77">
         <name>.common:ticks</name>
         <uninitialized>true</uninitialized>
         <run_address>0x200040a4</run_address>
         <size>0x28</size>
      </object_component>
      <object_component id="oc-79">
         <name>.common:reload</name>
         <uninitialized>true</uninitialized>
         <run_address>0x200040e0</run_address>
         <size>0xc</size>
      </object_component>
      <object_component id="oc-24">
         <name>.stack</name>
         <uninitialized>true</uninitialized>
         <run_address>0x20000000</run_address>
         <size>0x4</size>
         <input_file_ref idref="fl-d5"/>
      </object_component>
      <object_component id="oc-463">
         <name>.stack</name>
         <uninitialized>true</uninitialized>
         <run_address>0x20000000</run_address>
         <size>0x0</size>
      </object_component>
      <object_component id="oc-cd">
         <name>.debug_info</name>
         <load_address>0x0</load_address>
         <run_address>0x0</run_address>
         <size>0x25f</size>
         <input_file_ref idref="fl-1"/>
      </object_component>
      <object_component id="oc-df">
         <name>.debug_info</name>
         <load_address>0x25f</load_address>
         <run_address>0x25f</run_address>
         <size>0x11c</size>
         <input_file_ref idref="fl-1"/>
      </object_component>
      <object_component id="oc-8c">
         <name>.debug_info</name>
         <load_address>0x37b</load_address>
         <run_address>0x37b</run_address>
         <size>0x26b</size>
         <input_file_ref idref="fl-1"/>
      </object_component>
      <object_component id="oc-3c">
         <name>.debug_info</name>
         <load_address>0x5e6</load_address>
         <run_address>0x5e6</run_address>
         <size>0x84</size>
         <input_file_ref idref="fl-1"/>
      </object_component>
      <object_component id="oc-c6">
         <name>.debug_info</name>
         <load_address>0x66a</load_address>
         <run_address>0x66a</run_address>
         <size>0x2a4</size>
         <input_file_ref idref="fl-1"/>
      </object_component>
      <object_component id="oc-7b">
         <name>.debug_info</name>
         <load_address>0x90e</load_address>
         <run_address>0x90e</run_address>
         <size>0xbb</size>
         <input_file_ref idref="fl-1"/>
      </object_component>
      <object_component id="oc-cb">
         <name>.debug_info</name>
         <load_address>0x9c9</load_address>
         <run_address>0x9c9</run_address>
         <size>0x864</size>
         <input_file_ref idref="fl-2"/>
      </object_component>
      <object_component id="oc-1bf">
         <name>.debug_info</name>
         <load_address>0x122d</load_address>
         <run_address>0x122d</run_address>
         <size>0x1c4</size>
         <input_file_ref idref="fl-2"/>
      </object_component>
      <object_component id="oc-fd">
         <name>.debug_info</name>
         <load_address>0x13f1</load_address>
         <run_address>0x13f1</run_address>
         <size>0x1b94</size>
         <input_file_ref idref="fl-2"/>
      </object_component>
      <object_component id="oc-80">
         <name>.debug_info</name>
         <load_address>0x2f85</load_address>
         <run_address>0x2f85</run_address>
         <size>0x8b</size>
         <input_file_ref idref="fl-2"/>
      </object_component>
      <object_component id="oc-85">
         <name>.debug_info</name>
         <load_address>0x3010</load_address>
         <run_address>0x3010</run_address>
         <size>0x2c</size>
         <input_file_ref idref="fl-2"/>
      </object_component>
      <object_component id="oc-1b9">
         <name>.debug_info</name>
         <load_address>0x303c</load_address>
         <run_address>0x303c</run_address>
         <size>0x2c</size>
         <input_file_ref idref="fl-2"/>
      </object_component>
      <object_component id="oc-174">
         <name>.debug_info</name>
         <load_address>0x3068</load_address>
         <run_address>0x3068</run_address>
         <size>0x5d1</size>
         <input_file_ref idref="fl-2"/>
      </object_component>
      <object_component id="oc-103">
         <name>.debug_info</name>
         <load_address>0x3639</load_address>
         <run_address>0x3639</run_address>
         <size>0x204</size>
         <input_file_ref idref="fl-3"/>
      </object_component>
      <object_component id="oc-1a2">
         <name>.debug_info</name>
         <load_address>0x383d</load_address>
         <run_address>0x383d</run_address>
         <size>0x519</size>
         <input_file_ref idref="fl-4"/>
      </object_component>
      <object_component id="oc-18a">
         <name>.debug_info</name>
         <load_address>0x3d56</load_address>
         <run_address>0x3d56</run_address>
         <size>0x1e3</size>
         <input_file_ref idref="fl-4"/>
      </object_component>
      <object_component id="oc-190">
         <name>.debug_info</name>
         <load_address>0x3f39</load_address>
         <run_address>0x3f39</run_address>
         <size>0xd5</size>
         <input_file_ref idref="fl-4"/>
      </object_component>
      <object_component id="oc-18d">
         <name>.debug_info</name>
         <load_address>0x400e</load_address>
         <run_address>0x400e</run_address>
         <size>0xd5</size>
         <input_file_ref idref="fl-4"/>
      </object_component>
      <object_component id="oc-193">
         <name>.debug_info</name>
         <load_address>0x40e3</load_address>
         <run_address>0x40e3</run_address>
         <size>0xdb</size>
         <input_file_ref idref="fl-4"/>
      </object_component>
      <object_component id="oc-196">
         <name>.debug_info</name>
         <load_address>0x41be</load_address>
         <run_address>0x41be</run_address>
         <size>0xd9</size>
         <input_file_ref idref="fl-4"/>
      </object_component>
      <object_component id="oc-199">
         <name>.debug_info</name>
         <load_address>0x4297</load_address>
         <run_address>0x4297</run_address>
         <size>0xdb</size>
         <input_file_ref idref="fl-4"/>
      </object_component>
      <object_component id="oc-19c">
         <name>.debug_info</name>
         <load_address>0x4372</load_address>
         <run_address>0x4372</run_address>
         <size>0xe9</size>
         <input_file_ref idref="fl-4"/>
      </object_component>
      <object_component id="oc-eb">
         <name>.debug_info</name>
         <load_address>0x445b</load_address>
         <run_address>0x445b</run_address>
         <size>0x3347</size>
         <input_file_ref idref="fl-4"/>
      </object_component>
      <object_component id="oc-17d">
         <name>.debug_info</name>
         <load_address>0x77a2</load_address>
         <run_address>0x77a2</run_address>
         <size>0x88</size>
         <input_file_ref idref="fl-4"/>
      </object_component>
      <object_component id="oc-254">
         <name>.debug_info</name>
         <load_address>0x782a</load_address>
         <run_address>0x782a</run_address>
         <size>0x9e</size>
         <input_file_ref idref="fl-4"/>
      </object_component>
      <object_component id="oc-124">
         <name>.debug_info</name>
         <load_address>0x78c8</load_address>
         <run_address>0x78c8</run_address>
         <size>0x1159</size>
         <input_file_ref idref="fl-5"/>
      </object_component>
      <object_component id="oc-121">
         <name>.debug_info</name>
         <load_address>0x8a21</load_address>
         <run_address>0x8a21</run_address>
         <size>0xe9</size>
         <input_file_ref idref="fl-5"/>
      </object_component>
      <object_component id="oc-b3">
         <name>.debug_info</name>
         <load_address>0x8b0a</load_address>
         <run_address>0x8b0a</run_address>
         <size>0x12bf</size>
         <input_file_ref idref="fl-5"/>
      </object_component>
      <object_component id="oc-182">
         <name>.debug_info</name>
         <load_address>0x9dc9</load_address>
         <run_address>0x9dc9</run_address>
         <size>0x264</size>
         <input_file_ref idref="fl-6"/>
      </object_component>
      <object_component id="oc-e5">
         <name>.debug_info</name>
         <load_address>0xa02d</load_address>
         <run_address>0xa02d</run_address>
         <size>0xfa1</size>
         <input_file_ref idref="fl-6"/>
      </object_component>
      <object_component id="oc-184">
         <name>.debug_info</name>
         <load_address>0xafce</load_address>
         <run_address>0xafce</run_address>
         <size>0x456</size>
         <input_file_ref idref="fl-7"/>
      </object_component>
      <object_component id="oc-19f">
         <name>.debug_info</name>
         <load_address>0xb424</load_address>
         <run_address>0xb424</run_address>
         <size>0x613</size>
         <input_file_ref idref="fl-8"/>
      </object_component>
      <object_component id="oc-217">
         <name>.debug_info</name>
         <load_address>0xba37</load_address>
         <run_address>0xba37</run_address>
         <size>0xe6</size>
         <input_file_ref idref="fl-8"/>
      </object_component>
      <object_component id="oc-213">
         <name>.debug_info</name>
         <load_address>0xbb1d</load_address>
         <run_address>0xbb1d</run_address>
         <size>0x218</size>
         <input_file_ref idref="fl-8"/>
      </object_component>
      <object_component id="oc-127">
         <name>.debug_info</name>
         <load_address>0xbd35</load_address>
         <run_address>0xbd35</run_address>
         <size>0x17bc</size>
         <input_file_ref idref="fl-8"/>
      </object_component>
      <object_component id="oc-3cb">
         <name>.debug_info</name>
         <load_address>0xd4f1</load_address>
         <run_address>0xd4f1</run_address>
         <size>0x4f</size>
         <input_file_ref idref="fl-8"/>
      </object_component>
      <object_component id="oc-75">
         <name>.debug_info</name>
         <load_address>0xd540</load_address>
         <run_address>0xd540</run_address>
         <size>0x329</size>
         <input_file_ref idref="fl-9"/>
      </object_component>
      <object_component id="oc-2e">
         <name>.debug_info</name>
         <load_address>0xd869</load_address>
         <run_address>0xd869</run_address>
         <size>0x4ab</size>
         <input_file_ref idref="fl-9"/>
      </object_component>
      <object_component id="oc-310">
         <name>.debug_info</name>
         <load_address>0xdd14</load_address>
         <run_address>0xdd14</run_address>
         <size>0x395</size>
         <input_file_ref idref="fl-a"/>
      </object_component>
      <object_component id="oc-30a">
         <name>.debug_info</name>
         <load_address>0xe0a9</load_address>
         <run_address>0xe0a9</run_address>
         <size>0xf6</size>
         <input_file_ref idref="fl-a"/>
      </object_component>
      <object_component id="oc-30d">
         <name>.debug_info</name>
         <load_address>0xe19f</load_address>
         <run_address>0xe19f</run_address>
         <size>0xd5</size>
         <input_file_ref idref="fl-a"/>
      </object_component>
      <object_component id="oc-21a">
         <name>.debug_info</name>
         <load_address>0xe274</load_address>
         <run_address>0xe274</run_address>
         <size>0x32f</size>
         <input_file_ref idref="fl-a"/>
      </object_component>
      <object_component id="oc-35">
         <name>.debug_info</name>
         <load_address>0xe5a3</load_address>
         <run_address>0xe5a3</run_address>
         <size>0x2c6</size>
         <input_file_ref idref="fl-b"/>
      </object_component>
      <object_component id="oc-13">
         <name>.debug_info</name>
         <load_address>0xe869</load_address>
         <run_address>0xe869</run_address>
         <size>0xef</size>
         <input_file_ref idref="fl-b"/>
      </object_component>
      <object_component id="oc-28">
         <name>.debug_info</name>
         <load_address>0xe958</load_address>
         <run_address>0xe958</run_address>
         <size>0x26b</size>
         <input_file_ref idref="fl-b"/>
      </object_component>
      <object_component id="oc-1a4">
         <name>.debug_info</name>
         <load_address>0xebc3</load_address>
         <run_address>0xebc3</run_address>
         <size>0x34f</size>
         <input_file_ref idref="fl-c"/>
      </object_component>
      <object_component id="oc-f1">
         <name>.debug_info</name>
         <load_address>0xef12</load_address>
         <run_address>0xef12</run_address>
         <size>0x3c8</size>
         <input_file_ref idref="fl-c"/>
      </object_component>
      <object_component id="oc-12e">
         <name>.debug_info</name>
         <load_address>0xf2da</load_address>
         <run_address>0xf2da</run_address>
         <size>0x126</size>
         <input_file_ref idref="fl-d"/>
      </object_component>
      <object_component id="oc-1b8">
         <name>.debug_info</name>
         <load_address>0xf400</load_address>
         <run_address>0xf400</run_address>
         <size>0x333</size>
         <input_file_ref idref="fl-c7"/>
      </object_component>
      <object_component id="oc-f7">
         <name>.debug_info</name>
         <load_address>0xf733</load_address>
         <run_address>0xf733</run_address>
         <size>0x1d1</size>
         <input_file_ref idref="fl-c7"/>
      </object_component>
      <object_component id="oc-1ac">
         <name>.debug_info</name>
         <load_address>0xf904</load_address>
         <run_address>0xf904</run_address>
         <size>0x18d</size>
         <input_file_ref idref="fl-c7"/>
      </object_component>
      <object_component id="oc-1b2">
         <name>.debug_info</name>
         <load_address>0xfa91</load_address>
         <run_address>0xfa91</run_address>
         <size>0x16d</size>
         <input_file_ref idref="fl-c7"/>
      </object_component>
      <object_component id="oc-394">
         <name>.debug_info</name>
         <load_address>0xfbfe</load_address>
         <run_address>0xfbfe</run_address>
         <size>0x2c</size>
         <input_file_ref idref="fl-c7"/>
      </object_component>
      <object_component id="oc-1fa">
         <name>.debug_info</name>
         <load_address>0xfc2a</load_address>
         <run_address>0xfc2a</run_address>
         <size>0x37a</size>
         <input_file_ref idref="fl-c8"/>
      </object_component>
      <object_component id="oc-10f">
         <name>.debug_info</name>
         <load_address>0xffa4</load_address>
         <run_address>0xffa4</run_address>
         <size>0x17e</size>
         <input_file_ref idref="fl-c8"/>
      </object_component>
      <object_component id="oc-1ee">
         <name>.debug_info</name>
         <load_address>0x10122</load_address>
         <run_address>0x10122</run_address>
         <size>0x171</size>
         <input_file_ref idref="fl-c8"/>
      </object_component>
      <object_component id="oc-1e8">
         <name>.debug_info</name>
         <load_address>0x10293</load_address>
         <run_address>0x10293</run_address>
         <size>0x17e</size>
         <input_file_ref idref="fl-c8"/>
      </object_component>
      <object_component id="oc-1f4">
         <name>.debug_info</name>
         <load_address>0x10411</load_address>
         <run_address>0x10411</run_address>
         <size>0x1de</size>
         <input_file_ref idref="fl-c8"/>
      </object_component>
      <object_component id="oc-1ca">
         <name>.debug_info</name>
         <load_address>0x105ef</load_address>
         <run_address>0x105ef</run_address>
         <size>0x13a</size>
         <input_file_ref idref="fl-c9"/>
      </object_component>
      <object_component id="oc-1cf">
         <name>.debug_info</name>
         <load_address>0x10729</load_address>
         <run_address>0x10729</run_address>
         <size>0x139</size>
         <input_file_ref idref="fl-ca"/>
      </object_component>
      <object_component id="oc-42">
         <name>.debug_info</name>
         <load_address>0x10862</load_address>
         <run_address>0x10862</run_address>
         <size>0x119</size>
         <input_file_ref idref="fl-cb"/>
      </object_component>
      <object_component id="oc-1c5">
         <name>.debug_info</name>
         <load_address>0x1097b</load_address>
         <run_address>0x1097b</run_address>
         <size>0x12e</size>
         <input_file_ref idref="fl-cc"/>
      </object_component>
      <object_component id="oc-a7">
         <name>.debug_info</name>
         <load_address>0x10aa9</load_address>
         <run_address>0x10aa9</run_address>
         <size>0x147</size>
         <input_file_ref idref="fl-cd"/>
      </object_component>
      <object_component id="oc-a5">
         <name>.debug_info</name>
         <load_address>0x10bf0</load_address>
         <run_address>0x10bf0</run_address>
         <size>0x2d4</size>
         <input_file_ref idref="fl-ce"/>
      </object_component>
      <object_component id="oc-4e">
         <name>.debug_info</name>
         <load_address>0x10ec4</load_address>
         <run_address>0x10ec4</run_address>
         <size>0x1d2</size>
         <input_file_ref idref="fl-ce"/>
      </object_component>
      <object_component id="oc-a0">
         <name>.debug_info</name>
         <load_address>0x11096</load_address>
         <run_address>0x11096</run_address>
         <size>0x46</size>
         <input_file_ref idref="fl-ce"/>
      </object_component>
      <object_component id="oc-d5">
         <name>.debug_info</name>
         <load_address>0x110dc</load_address>
         <run_address>0x110dc</run_address>
         <size>0x2c</size>
         <input_file_ref idref="fl-ce"/>
      </object_component>
      <object_component id="oc-4c">
         <name>.debug_info</name>
         <load_address>0x11108</load_address>
         <run_address>0x11108</run_address>
         <size>0x2a8</size>
         <input_file_ref idref="fl-cf"/>
      </object_component>
      <object_component id="oc-1c">
         <name>.debug_info</name>
         <load_address>0x113b0</load_address>
         <run_address>0x113b0</run_address>
         <size>0x1ea</size>
         <input_file_ref idref="fl-cf"/>
      </object_component>
      <object_component id="oc-47">
         <name>.debug_info</name>
         <load_address>0x1159a</load_address>
         <run_address>0x1159a</run_address>
         <size>0x46</size>
         <input_file_ref idref="fl-cf"/>
      </object_component>
      <object_component id="oc-98">
         <name>.debug_info</name>
         <load_address>0x115e0</load_address>
         <run_address>0x115e0</run_address>
         <size>0x2c</size>
         <input_file_ref idref="fl-cf"/>
      </object_component>
      <object_component id="oc-96">
         <name>.debug_info</name>
         <load_address>0x1160c</load_address>
         <run_address>0x1160c</run_address>
         <size>0x29e</size>
         <input_file_ref idref="fl-d0"/>
      </object_component>
      <object_component id="oc-16">
         <name>.debug_info</name>
         <load_address>0x118aa</load_address>
         <run_address>0x118aa</run_address>
         <size>0x250</size>
         <input_file_ref idref="fl-d0"/>
      </object_component>
      <object_component id="oc-37">
         <name>.debug_info</name>
         <load_address>0x11afa</load_address>
         <run_address>0x11afa</run_address>
         <size>0x60</size>
         <input_file_ref idref="fl-d0"/>
      </object_component>
      <object_component id="oc-ce">
         <name>.debug_info</name>
         <load_address>0x11b5a</load_address>
         <run_address>0x11b5a</run_address>
         <size>0x46</size>
         <input_file_ref idref="fl-d0"/>
      </object_component>
      <object_component id="oc-91">
         <name>.debug_info</name>
         <load_address>0x11ba0</load_address>
         <run_address>0x11ba0</run_address>
         <size>0x39</size>
         <input_file_ref idref="fl-d0"/>
      </object_component>
      <object_component id="oc-2b5">
         <name>.debug_info</name>
         <load_address>0x11bd9</load_address>
         <run_address>0x11bd9</run_address>
         <size>0xf9</size>
         <input_file_ref idref="fl-d1"/>
      </object_component>
      <object_component id="oc-1dd">
         <name>.debug_info</name>
         <load_address>0x11cd2</load_address>
         <run_address>0x11cd2</run_address>
         <size>0x105</size>
         <input_file_ref idref="fl-d1"/>
      </object_component>
      <object_component id="oc-20d">
         <name>.debug_info</name>
         <load_address>0x11dd7</load_address>
         <run_address>0x11dd7</run_address>
         <size>0x28a</size>
         <input_file_ref idref="fl-d2"/>
      </object_component>
      <object_component id="oc-11c">
         <name>.debug_info</name>
         <load_address>0x12061</load_address>
         <run_address>0x12061</run_address>
         <size>0x273</size>
         <input_file_ref idref="fl-d2"/>
      </object_component>
      <object_component id="oc-20b">
         <name>.debug_info</name>
         <load_address>0x122d4</load_address>
         <run_address>0x122d4</run_address>
         <size>0x2fe</size>
         <input_file_ref idref="fl-d3"/>
      </object_component>
      <object_component id="oc-208">
         <name>.debug_info</name>
         <load_address>0x125d2</load_address>
         <run_address>0x125d2</run_address>
         <size>0x105</size>
         <input_file_ref idref="fl-d3"/>
      </object_component>
      <object_component id="oc-118">
         <name>.debug_info</name>
         <load_address>0x126d7</load_address>
         <run_address>0x126d7</run_address>
         <size>0x1ab</size>
         <input_file_ref idref="fl-d3"/>
      </object_component>
      <object_component id="oc-1e0">
         <name>.debug_info</name>
         <load_address>0x12882</load_address>
         <run_address>0x12882</run_address>
         <size>0x2b6</size>
         <input_file_ref idref="fl-d4"/>
      </object_component>
      <object_component id="oc-109">
         <name>.debug_info</name>
         <load_address>0x12b38</load_address>
         <run_address>0x12b38</run_address>
         <size>0x154</size>
         <input_file_ref idref="fl-d4"/>
      </object_component>
      <object_component id="oc-25">
         <name>.debug_info</name>
         <load_address>0x12c8c</load_address>
         <run_address>0x12c8c</run_address>
         <size>0x10b</size>
         <input_file_ref idref="fl-d5"/>
      </object_component>
      <object_component id="oc-60">
         <name>.debug_info</name>
         <load_address>0x12d97</load_address>
         <run_address>0x12d97</run_address>
         <size>0x1a9</size>
         <input_file_ref idref="fl-d5"/>
      </object_component>
      <object_component id="oc-29f">
         <name>.debug_info</name>
         <load_address>0x12f40</load_address>
         <run_address>0x12f40</run_address>
         <size>0x590</size>
         <input_file_ref idref="fl-d6"/>
      </object_component>
      <object_component id="oc-26a">
         <name>.debug_info</name>
         <load_address>0x134d0</load_address>
         <run_address>0x134d0</run_address>
         <size>0x21e</size>
         <input_file_ref idref="fl-d6"/>
      </object_component>
      <object_component id="oc-35d">
         <name>.debug_info</name>
         <load_address>0x136ee</load_address>
         <run_address>0x136ee</run_address>
         <size>0x1b3</size>
         <input_file_ref idref="fl-d6"/>
      </object_component>
      <object_component id="oc-363">
         <name>.debug_info</name>
         <load_address>0x138a1</load_address>
         <run_address>0x138a1</run_address>
         <size>0x21b</size>
         <input_file_ref idref="fl-d6"/>
      </object_component>
      <object_component id="oc-275">
         <name>.debug_info</name>
         <load_address>0x13abc</load_address>
         <run_address>0x13abc</run_address>
         <size>0x3c0</size>
         <input_file_ref idref="fl-d6"/>
      </object_component>
      <object_component id="oc-36a">
         <name>.debug_info</name>
         <load_address>0x13e7c</load_address>
         <run_address>0x13e7c</run_address>
         <size>0x30a</size>
         <input_file_ref idref="fl-d6"/>
      </object_component>
      <object_component id="oc-370">
         <name>.debug_info</name>
         <load_address>0x14186</load_address>
         <run_address>0x14186</run_address>
         <size>0x215</size>
         <input_file_ref idref="fl-d6"/>
      </object_component>
      <object_component id="oc-27b">
         <name>.debug_info</name>
         <load_address>0x1439b</load_address>
         <run_address>0x1439b</run_address>
         <size>0x215</size>
         <input_file_ref idref="fl-d6"/>
      </object_component>
      <object_component id="oc-281">
         <name>.debug_info</name>
         <load_address>0x145b0</load_address>
         <run_address>0x145b0</run_address>
         <size>0x304</size>
         <input_file_ref idref="fl-d6"/>
      </object_component>
      <object_component id="oc-287">
         <name>.debug_info</name>
         <load_address>0x148b4</load_address>
         <run_address>0x148b4</run_address>
         <size>0x4b5</size>
         <input_file_ref idref="fl-d6"/>
      </object_component>
      <object_component id="oc-1a6">
         <name>.debug_info</name>
         <load_address>0x14d69</load_address>
         <run_address>0x14d69</run_address>
         <size>0x5f4</size>
         <input_file_ref idref="fl-d6"/>
      </object_component>
      <object_component id="oc-2a0">
         <name>.debug_info</name>
         <load_address>0x1535d</load_address>
         <run_address>0x1535d</run_address>
         <size>0x86</size>
         <input_file_ref idref="fl-d6"/>
      </object_component>
      <object_component id="oc-399">
         <name>.debug_info</name>
         <load_address>0x153e3</load_address>
         <run_address>0x153e3</run_address>
         <size>0x39</size>
         <input_file_ref idref="fl-d6"/>
      </object_component>
      <object_component id="oc-410">
         <name>.debug_info</name>
         <load_address>0x1541c</load_address>
         <run_address>0x1541c</run_address>
         <size>0xb6</size>
         <input_file_ref idref="fl-d6"/>
      </object_component>
      <object_component id="oc-39e">
         <name>.debug_info</name>
         <load_address>0x154d2</load_address>
         <run_address>0x154d2</run_address>
         <size>0x46</size>
         <input_file_ref idref="fl-d6"/>
      </object_component>
      <object_component id="oc-2a5">
         <name>.debug_info</name>
         <load_address>0x15518</load_address>
         <run_address>0x15518</run_address>
         <size>0x46</size>
         <input_file_ref idref="fl-d6"/>
      </object_component>
      <object_component id="oc-2ef">
         <name>.debug_info</name>
         <load_address>0x1555e</load_address>
         <run_address>0x1555e</run_address>
         <size>0x5ce</size>
         <input_file_ref idref="fl-d7"/>
      </object_component>
      <object_component id="oc-1e2">
         <name>.debug_info</name>
         <load_address>0x15b2c</load_address>
         <run_address>0x15b2c</run_address>
         <size>0x983</size>
         <input_file_ref idref="fl-d7"/>
      </object_component>
      <object_component id="oc-2f1">
         <name>.debug_info</name>
         <load_address>0x164af</load_address>
         <run_address>0x164af</run_address>
         <size>0x9a</size>
         <input_file_ref idref="fl-d7"/>
      </object_component>
      <object_component id="oc-358">
         <name>.debug_info</name>
         <load_address>0x16549</load_address>
         <run_address>0x16549</run_address>
         <size>0x14c</size>
         <input_file_ref idref="fl-d8"/>
      </object_component>
      <object_component id="oc-270">
         <name>.debug_info</name>
         <load_address>0x16695</load_address>
         <run_address>0x16695</run_address>
         <size>0x128</size>
         <input_file_ref idref="fl-d9"/>
      </object_component>
      <object_component id="oc-343">
         <name>.debug_info</name>
         <load_address>0x167bd</load_address>
         <run_address>0x167bd</run_address>
         <size>0x12a</size>
         <input_file_ref idref="fl-d9"/>
      </object_component>
      <object_component id="oc-33e">
         <name>.debug_info</name>
         <load_address>0x168e7</load_address>
         <run_address>0x168e7</run_address>
         <size>0x13a</size>
         <input_file_ref idref="fl-da"/>
      </object_component>
      <object_component id="oc-348">
         <name>.debug_info</name>
         <load_address>0x16a21</load_address>
         <run_address>0x16a21</run_address>
         <size>0x12e</size>
         <input_file_ref idref="fl-db"/>
      </object_component>
      <object_component id="oc-2d1">
         <name>.debug_info</name>
         <load_address>0x16b4f</load_address>
         <run_address>0x16b4f</run_address>
         <size>0x13e</size>
         <input_file_ref idref="fl-dc"/>
      </object_component>
      <object_component id="oc-353">
         <name>.debug_info</name>
         <load_address>0x16c8d</load_address>
         <run_address>0x16c8d</run_address>
         <size>0x12c</size>
         <input_file_ref idref="fl-dd"/>
      </object_component>
      <object_component id="oc-337">
         <name>.debug_info</name>
         <load_address>0x16db9</load_address>
         <run_address>0x16db9</run_address>
         <size>0x134</size>
         <input_file_ref idref="fl-de"/>
      </object_component>
      <object_component id="oc-22c">
         <name>.debug_info</name>
         <load_address>0x16eed</load_address>
         <run_address>0x16eed</run_address>
         <size>0x4b3</size>
         <input_file_ref idref="fl-df"/>
      </object_component>
      <object_component id="oc-141">
         <name>.debug_info</name>
         <load_address>0x173a0</load_address>
         <run_address>0x173a0</run_address>
         <size>0x1a6</size>
         <input_file_ref idref="fl-df"/>
      </object_component>
      <object_component id="oc-321">
         <name>.debug_info</name>
         <load_address>0x17546</load_address>
         <run_address>0x17546</run_address>
         <size>0x39</size>
         <input_file_ref idref="fl-df"/>
      </object_component>
      <object_component id="oc-3d3">
         <name>.debug_info</name>
         <load_address>0x1757f</load_address>
         <run_address>0x1757f</run_address>
         <size>0x39</size>
         <input_file_ref idref="fl-df"/>
      </object_component>
      <object_component id="oc-326">
         <name>.debug_info</name>
         <load_address>0x175b8</load_address>
         <run_address>0x175b8</run_address>
         <size>0x39</size>
         <input_file_ref idref="fl-df"/>
      </object_component>
      <object_component id="oc-32b">
         <name>.debug_info</name>
         <load_address>0x175f1</load_address>
         <run_address>0x175f1</run_address>
         <size>0xcd</size>
         <input_file_ref idref="fl-df"/>
      </object_component>
      <object_component id="oc-ad">
         <name>.debug_info</name>
         <load_address>0x176be</load_address>
         <run_address>0x176be</run_address>
         <size>0x153</size>
         <input_file_ref idref="fl-e0"/>
      </object_component>
      <object_component id="oc-135">
         <name>.debug_info</name>
         <load_address>0x17811</load_address>
         <run_address>0x17811</run_address>
         <size>0x122</size>
         <input_file_ref idref="fl-e2"/>
      </object_component>
      <object_component id="oc-3ed">
         <name>.debug_info</name>
         <load_address>0x17933</load_address>
         <run_address>0x17933</run_address>
         <size>0x29c</size>
         <input_file_ref idref="fl-e4"/>
      </object_component>
      <object_component id="oc-34d">
         <name>.debug_info</name>
         <load_address>0x17bcf</load_address>
         <run_address>0x17bcf</run_address>
         <size>0x1da</size>
         <input_file_ref idref="fl-e4"/>
      </object_component>
      <object_component id="oc-335">
         <name>.debug_info</name>
         <load_address>0x17da9</load_address>
         <run_address>0x17da9</run_address>
         <size>0x2b9</size>
         <input_file_ref idref="fl-e6"/>
      </object_component>
      <object_component id="oc-264">
         <name>.debug_info</name>
         <load_address>0x18062</load_address>
         <run_address>0x18062</run_address>
         <size>0x17c</size>
         <input_file_ref idref="fl-e6"/>
      </object_component>
      <object_component id="oc-385">
         <name>.debug_info</name>
         <load_address>0x181de</load_address>
         <run_address>0x181de</run_address>
         <size>0x2a7</size>
         <input_file_ref idref="fl-e7"/>
      </object_component>
      <object_component id="oc-28d">
         <name>.debug_info</name>
         <load_address>0x18485</load_address>
         <run_address>0x18485</run_address>
         <size>0x1b8</size>
         <input_file_ref idref="fl-e7"/>
      </object_component>
      <object_component id="oc-3be">
         <name>.debug_info</name>
         <load_address>0x1863d</load_address>
         <run_address>0x1863d</run_address>
         <size>0x29a</size>
         <input_file_ref idref="fl-e8"/>
      </object_component>
      <object_component id="oc-2e8">
         <name>.debug_info</name>
         <load_address>0x188d7</load_address>
         <run_address>0x188d7</run_address>
         <size>0x262</size>
         <input_file_ref idref="fl-e8"/>
      </object_component>
      <object_component id="oc-3a6">
         <name>.debug_info</name>
         <load_address>0x18b39</load_address>
         <run_address>0x18b39</run_address>
         <size>0x2a4</size>
         <input_file_ref idref="fl-e9"/>
      </object_component>
      <object_component id="oc-2b9">
         <name>.debug_info</name>
         <load_address>0x18ddd</load_address>
         <run_address>0x18ddd</run_address>
         <size>0x24d</size>
         <input_file_ref idref="fl-e9"/>
      </object_component>
      <object_component id="oc-2fe">
         <name>.debug_info</name>
         <load_address>0x1902a</load_address>
         <run_address>0x1902a</run_address>
         <size>0x290</size>
         <input_file_ref idref="fl-ea"/>
      </object_component>
      <object_component id="oc-202">
         <name>.debug_info</name>
         <load_address>0x192ba</load_address>
         <run_address>0x192ba</run_address>
         <size>0x198</size>
         <input_file_ref idref="fl-ea"/>
      </object_component>
      <object_component id="oc-333">
         <name>.debug_info</name>
         <load_address>0x19452</load_address>
         <run_address>0x19452</run_address>
         <size>0x28f</size>
         <input_file_ref idref="fl-eb"/>
      </object_component>
      <object_component id="oc-25e">
[...]
      </symbol>
      <symbol id="sm-4e8">
         <name>calculateChecksum</name>
         <value>0x6051</value>
         <object_component_ref idref="oc-126"/>
      </symbol>
      <symbol id="sm-4e9">
         <name>getTcpClientState</name>
         <value>0x5c13</value>
         <object_component_ref idref="oc-126"/>
      </symbol>
      <symbol id="sm-4ea">
         <name>tcpConnect</name>
         <value>0x5bc5</value>
         <object_component_ref idref="oc-126"/>
      </symbol>
      <symbol id="sm-4eb">
         <name>tcpProcessArpResponse</name>
         <value>0x62e3</value>
         <object_component_ref idref="oc-126"/>
      </symbol>
      <symbol id="sm-4ec">
         <name>changeTcpClientState</name>
         <value>0x5c19</value>
         <object_component_ref idref="oc-126"/>
      </symbol>
      <symbol id="sm-4ed">
         <name>tcpProcessTcpResponse</name>
         <value>0x5d2d</value>
         <object_component_ref idref="oc-126"/>
      </symbol>
      <symbol id="sm-4ee">
         <name>tcpAckReceived</name>
         <value>0x5bf9</value>
         <object_component_ref idref="oc-126"/>
      </symbol>
      <symbol id="sm-4ef">
         <name>tcpExtractData</name>
         <value>0x5d5d</value>
         <object_component_ref idref="oc-126"/>
      </symbol>
      <symbol id="sm-4f0">
         <name>sendEtherMessage</name>
         <value>0x6101</value>
         <object_component_ref idref="oc-126"/>
      </symbol>
      <symbol id="sm-4f1">
         <name>tcpAckReceivedFlag</name>
         <value>0x2000412c</value>
         <object_component_ref idref="oc-212"/>
      </symbol>
      <symbol id="sm-4f2">
         <name>tcpClientSendPendingMessages</name>
         <value>0x6121</value>
         <object_component_ref idref="oc-126"/>
      </symbol>
      <symbol id="sm-4f3">
         <name>tcpIsFinAck</name>
         <value>0x5cc1</value>
         <object_component_ref idref="oc-126"/>
      </symbol>
      <symbol id="sm-4f4">
         <name>changeTcpSynAckReceivedFlagState</name>
         <value>0x5c33</value>
         <object_component_ref idref="oc-126"/>
      </symbol>
      <symbol id="sm-4f5">
         <name>tcpFinAckReceived</name>
         <value>0x5c47</value>
         <object_component_ref idref="oc-126"/>
      </symbol>
      <symbol id="sm-4f6">
         <name>timeClientWaitHandler</name>
         <value>0x5c7b</value>
         <object_component_ref idref="oc-126"/>
      </symbol>
      <symbol id="sm-4f7">
         <name>tcpIsSynAck</name>
         <value>0x5c8b</value>
         <object_component_ref idref="oc-126"/>
      </symbol>
      <symbol id="sm-4f8">
         <name>changeTcpAckReceivedFlagState</name>
         <value>0x5bff</value>
         <object_component_ref idref="oc-126"/>
      </symbol>
      <symbol id="sm-4f9">
         <name>changeTcpFinAckReceivedFlagState</name>
         <value>0x5c4d</value>
         <object_component_ref idref="oc-126"/>
      </symbol>
      <symbol id="sm-4fa">
         <name>changeTcpConnectFlagState</name>
         <value>0x5bcb</value>
         <object_component_ref idref="oc-126"/>
      </symbol>
      <symbol id="sm-4fb">
         <name>tcpClientTimerSet</name>
         <value>0x5c61</value>
         <object_component_ref idref="oc-126"/>
      </symbol>
      <symbol id="sm-4fc">
         <name>tcpConnectFlag</name>
         <value>0x20004129</value>
         <object_component_ref idref="oc-212"/>
      </symbol>
      <symbol id="sm-4fd">
         <name>tcpDisconnectFlag</name>
         <value>0x20004128</value>
         <object_component_ref idref="oc-212"/>
      </symbol>
      <symbol id="sm-4fe">
         <name>buildTcpPacket</name>
         <value>0x5e25</value>
         <object_component_ref idref="oc-126"/>
      </symbol>
      <symbol id="sm-4ff">
         <name>tcpSynAckReceivedFlag</name>
         <value>0x2000412a</value>
         <object_component_ref idref="oc-212"/>
      </symbol>
      <symbol id="sm-500">
         <name>tcpFinAckReceivedFlag</name>
         <value>0x2000412b</value>
         <object_component_ref idref="oc-212"/>
      </symbol>
      <symbol id="sm-501">
         <name>changeTcpClientTimerFlagState</name>
         <value>0x5c67</value>
         <object_component_ref idref="oc-126"/>
      </symbol>
      <symbol id="sm-502">
         <name>tcpClientTimerFlag</name>
         <value>0x2000412d</value>
         <object_component_ref idref="oc-212"/>
      </symbol>
      <symbol id="sm-503">
         <name>serverIpAddress</name>
         <value>0x20004160</value>
         <object_component_ref idref="oc-216"/>
      </symbol>
      <symbol id="sm-504">
         <name>tcpState</name>
         <value>0x20004127</value>
         <object_component_ref idref="oc-212"/>
      </symbol>
      <symbol id="sm-505">
         <name>tcpDisconnect</name>
         <value>0x5bdf</value>
         <object_component_ref idref="oc-126"/>
      </symbol>
      <symbol id="sm-506">
         <name>tcpSynAckReceived</name>
         <value>0x5c2d</value>
         <object_component_ref idref="oc-126"/>
      </symbol>
      <symbol id="sm-547">
         <name>fn</name>
         <value>0x20004054</value>
      </symbol>
      <symbol id="sm-548">
         <name>period</name>
         <value>0x2000407c</value>
      </symbol>
      <symbol id="sm-549">
         <name>ticks</name>
         <value>0x200040a4</value>
      </symbol>
      <symbol id="sm-54a">
         <name>reload</name>
         <value>0x200040e0</value>
      </symbol>
      <symbol id="sm-54b">
         <name>initTimer</name>
         <value>0x6791</value>
         <object_component_ref idref="oc-2d"/>
      </symbol>
      <symbol id="sm-54c">
         <name>stopTimer</name>
         <value>0x693d</value>
         <object_component_ref idref="oc-2d"/>
      </symbol>
      <symbol id="sm-54d">
         <name>startOneshotTimer</name>
         <value>0x6831</value>
         <object_component_ref idref="oc-2d"/>
      </symbol>
      <symbol id="sm-54e">
         <name>restartTimer</name>
         <value>0x69a3</value>
         <object_component_ref idref="oc-2d"/>
      </symbol>
      <symbol id="sm-54f">
         <name>random32</name>
         <value>0x6a8b</value>
         <object_component_ref idref="oc-2d"/>
      </symbol>
      <symbol id="sm-550">
         <name>tickIsr</name>
         <value>0x6a11</value>
         <object_component_ref idref="oc-2d"/>
      </symbol>
      <symbol id="sm-551">
         <name>startPeriodicTimer</name>
         <value>0x68b7</value>
         <object_component_ref idref="oc-2d"/>
      </symbol>
      <symbol id="sm-579">
         <name>tlsHelloMessageSent</name>
         <value>0x3f2d</value>
         <object_component_ref idref="oc-219"/>
      </symbol>
      <symbol id="sm-57a">
         <name>tlsHelloMessageSentFlag</name>
         <value>0x2000413a</value>
         <object_component_ref idref="oc-309"/>
      </symbol>
      <symbol id="sm-57b">
         <name>changeTlsHelloMessageSentFlagState</name>
         <value>0x3f33</value>
         <object_component_ref idref="oc-219"/>
      </symbol>
      <symbol id="sm-57c">
         <name>tlsBuildHelloMessage</name>
         <value>0x3f4d</value>
         <object_component_ref idref="oc-219"/>
      </symbol>
      <symbol id="sm-598">
         <name>ResetISR</name>
         <value>0x89a7</value>
         <object_component_ref idref="oc-27"/>
      </symbol>
      <symbol id="sm-599">
         <name>g_pfnVectors</name>
         <value>0x0</value>
         <object_component_ref idref="oc-12"/>
      </symbol>
      <symbol id="sm-5bc">
         <name>getcUart0</name>
         <value>0x7af3</value>
         <object_component_ref idref="oc-f0"/>
      </symbol>
      <symbol id="sm-5bd">
         <name>kbhitUart0</name>
         <value>0x7b07</value>
         <object_component_ref idref="oc-f0"/>
      </symbol>
      <symbol id="sm-5be">
         <name>setUart0BaudRate</name>
         <value>0x7a6b</value>
         <object_component_ref idref="oc-f0"/>
      </symbol>
      <symbol id="sm-5bf">
         <name>putsUart0</name>
         <value>0x7ac7</value>
         <object_component_ref idref="oc-f0"/>
      </symbol>
      <symbol id="sm-5c0">
         <name>initUart0</name>
         <value>0x7a21</value>
         <object_component_ref idref="oc-f0"/>
      </symbol>
      <symbol id="sm-5c1">
         <name>putcUart0</name>
         <value>0x7aab</value>
         <object_component_ref idref="oc-f0"/>
      </symbol>
      <symbol id="sm-5cf">
         <name>waitMicrosecond</name>
         <value>0x8821</value>
         <object_component_ref idref="oc-12d"/>
      </symbol>
      <symbol id="sm-5f6">
         <name>sprintf</name>
         <value>0x8679</value>
         <object_component_ref idref="oc-f6"/>
      </symbol>
      <symbol id="sm-62d">
         <name>sscanf</name>
         <value>0x8739</value>
         <object_component_ref idref="oc-10e"/>
      </symbol>
      <symbol id="sm-638">
         <name>__aeabi_dmul</name>
         <value>0x7d65</value>
         <object_component_ref idref="oc-1c9"/>
      </symbol>
      <symbol id="sm-642">
         <name>__aeabi_d2uiz</name>
         <value>0x8635</value>
         <object_component_ref idref="oc-1ce"/>
      </symbol>
      <symbol id="sm-65d">
         <name>memcpy</name>
         <value>0x7f13</value>
         <object_component_ref idref="oc-41"/>
      </symbol>
      <symbol id="sm-65e">
         <name>__aeabi_memcpy</name>
         <value>0x7f13</value>
         <object_component_ref idref="oc-41"/>
      </symbol>
      <symbol id="sm-65f">
         <name>__aeabi_memcpy8</name>
         <value>0x7f13</value>
         <object_component_ref idref="oc-41"/>
      </symbol>
      <symbol id="sm-660">
         <name>__aeabi_memcpy4</name>
         <value>0x7f13</value>
         <object_component_ref idref="oc-41"/>
      </symbol>
      <symbol id="sm-66a">
         <name>__aeabi_ui2d</name>
         <value>0x8845</value>
         <object_component_ref idref="oc-1c4"/>
      </symbol>
      <symbol id="sm-679">
         <name>__aeabi_memset</name>
         <value>0x81d7</value>
         <object_component_ref idref="oc-a6"/>
      </symbol>
      <symbol id="sm-67a">
         <name>memset</name>
         <value>0x81dd</value>
         <object_component_ref idref="oc-a6"/>
      </symbol>
      <symbol id="sm-67b">
         <name>__aeabi_memset8</name>
         <value>0x81d7</value>
         <object_component_ref idref="oc-a6"/>
      </symbol>
      <symbol id="sm-67c">
         <name>__aeabi_memset4</name>
         <value>0x81d7</value>
         <object_component_ref idref="oc-a6"/>
      </symbol>
      <symbol id="sm-67d">
         <name>__aeabi_memclr8</name>
         <value>0x81d5</value>
         <object_component_ref idref="oc-a6"/>
      </symbol>
      <symbol id="sm-67e">
         <name>__aeabi_memclr4</name>
         <value>0x81d5</value>
         <object_component_ref idref="oc-a6"/>
      </symbol>
      <symbol id="sm-67f">
         <name>__aeabi_memclr</name>
         <value>0x81d5</value>
         <object_component_ref idref="oc-a6"/>
      </symbol>
      <symbol id="sm-698">
         <name>__TI_zero_init_nomemset</name>
         <value>0x8865</value>
         <object_component_ref idref="oc-4d"/>
      </symbol>
      <symbol id="sm-6af">
         <name>__TI_decompress_none</name>
         <value>0x8999</value>
         <object_component_ref idref="oc-1b"/>
      </symbol>
      <symbol id="sm-6d2">
         <name>__TI_decompress_lzss</name>
         <value>0x8395</value>
         <object_component_ref idref="oc-15"/>
      </symbol>
      <symbol id="sm-6dd">
         <name>_ctypes_</name>
         <value>0x8b04</value>
         <object_component_ref idref="oc-1dc"/>
      </symbol>
      <symbol id="sm-6ec">
         <name>strcmp</name>
         <value>0x88e7</value>
         <object_component_ref idref="oc-11a"/>
      </symbol>
      <symbol id="sm-704">
         <name>strtok</name>
         <value>0x86b9</value>
         <object_component_ref idref="oc-114"/>
      </symbol>
      <symbol id="sm-713">
         <name>tolower</name>
         <value>0x8989</value>
         <object_component_ref idref="oc-108"/>
      </symbol>
      <symbol id="sm-726">
         <name>__stack</name>
         <value>0x20000000</value>
         <object_component_ref idref="oc-24"/>
      </symbol>
      <symbol id="sm-727">
         <name>_c_int00_noargs</name>
         <value>0x8771</value>
         <object_component_ref idref="oc-5f"/>
      </symbol>
      <symbol id="sm-88c">
         <name>__TI_printfi</name>
         <value>0x49b5</value>
         <object_component_ref idref="oc-1a5"/>
      </symbol>
      <symbol id="sm-93d">
         <name>__TI_scanfi</name>
         <value>0x343d</value>
         <object_component_ref idref="oc-1e1"/>
      </symbol>
      <symbol id="sm-954">
         <name>__aeabi_dsub</name>
         <value>0x70e5</value>
         <object_component_ref idref="oc-357"/>
      </symbol>
      <symbol id="sm-955">
         <name>__aeabi_dadd</name>
         <value>0x70ef</value>
         <object_component_ref idref="oc-357"/>
      </symbol>
      <symbol id="sm-977">
         <name>__aeabi_cdcmpeq</name>
         <value>0x8045</value>
         <object_component_ref idref="oc-26f"/>
      </symbol>
      <symbol id="sm-978">
         <name>__aeabi_cdcmple</name>
         <value>0x8045</value>
         <object_component_ref idref="oc-26f"/>
      </symbol>
      <symbol id="sm-979">
         <name>__aeabi_cdrcmple</name>
         <value>0x80cb</value>
         <object_component_ref idref="oc-342"/>
      </symbol>
      <symbol id="sm-98d">
         <name>__aeabi_ddiv</name>
         <value>0x7695</value>
         <object_component_ref idref="oc-33d"/>
      </symbol>
      <symbol id="sm-997">
         <name>__aeabi_d2iz</name>
         <value>0x85a9</value>
         <object_component_ref idref="oc-347"/>
      </symbol>
      <symbol id="sm-9a3">
         <name>__aeabi_d2f</name>
         <value>0x82bd</value>
         <object_component_ref idref="oc-2d0"/>
      </symbol>
      <symbol id="sm-9ad">
         <name>__aeabi_i2d</name>
         <value>0x87a5</value>
         <object_component_ref idref="oc-352"/>
      </symbol>
      <symbol id="sm-9ba">
         <name>__aeabi_uldivmod</name>
         <value>0x7faf</value>
         <object_component_ref idref="oc-336"/>
      </symbol>
      <symbol id="sm-9e2">
         <name>__TI_auto_init_nobinit_nopinit</name>
         <value>0x85f1</value>
         <object_component_ref idref="oc-140"/>
      </symbol>
      <symbol id="sm-9ec">
         <name>_system_pre_init</name>
         <value>0x89cd</value>
         <object_component_ref idref="oc-ac"/>
      </symbol>
      <symbol id="sm-9f8">
         <name>C$$EXIT</name>
         <value>0x89d1</value>
         <object_component_ref idref="oc-134"/>
      </symbol>
      <symbol id="sm-9f9">
         <name>abort</name>
         <value>0x89d1</value>
         <object_component_ref idref="oc-134"/>
      </symbol>
      <symbol id="sm-a09">
         <name>__TI_ltoa</name>
         <value>0x84b7</value>
         <object_component_ref idref="oc-34c"/>
      </symbol>
      <symbol id="sm-a20">
         <name>atoi</name>
         <value>0x855d</value>
         <object_component_ref idref="oc-263"/>
      </symbol>
      <symbol id="sm-a30">
         <name>memccpy</name>
         <value>0x8881</value>
         <object_component_ref idref="oc-28c"/>
      </symbol>
      <symbol id="sm-a40">
         <name>strchr</name>
         <value>0x8917</value>
         <object_component_ref idref="oc-2e7"/>
      </symbol>
      <symbol id="sm-a4e">
         <name>strcpy</name>
         <value>0x892d</value>
         <object_component_ref idref="oc-2b8"/>
      </symbol>
      <symbol id="sm-a5f">
         <name>strcspn</name>
         <value>0x87fd</value>
         <object_component_ref idref="oc-201"/>
      </symbol>
      <symbol id="sm-a6d">
         <name>strlen</name>
         <value>0x8941</value>
         <object_component_ref idref="oc-25d"/>
      </symbol>
      <symbol id="sm-a7c">
         <name>strrchr</name>
         <value>0x88ff</value>
         <object_component_ref idref="oc-2e1"/>
      </symbol>
      <symbol id="sm-a8e">
         <name>strspn</name>
         <value>0x87d3</value>
         <object_component_ref idref="oc-1fb"/>
      </symbol>
      <symbol id="sm-aee">
         <name>strtold</name>
         <value>0x6331</value>
         <object_component_ref idref="oc-2ca"/>
      </symbol>
      <symbol id="sm-aef">
         <name>strtod</name>
         <value>0x6331</value>
         <object_component_ref idref="oc-2ca"/>
      </symbol>
      <symbol id="sm-b13">
         <name>strtol</name>
         <value>0x77cd</value>
         <object_component_ref idref="oc-2d5"/>
      </symbol>
      <symbol id="sm-b39">
         <name>strtoll</name>
         <value>0x6d39</value>
         <object_component_ref idref="oc-2db"/>
      </symbol>
      <symbol id="sm-b59">
         <name>strtoul</name>
         <value>0x7c55</value>
         <object_component_ref idref="oc-2c4"/>
      </symbol>
      <symbol id="sm-b7c">
         <name>strtoull</name>
         <value>0x73fd</value>
         <object_component_ref idref="oc-2be"/>
      </symbol>
      <symbol id="sm-b92">
         <name>__aeabi_errno_addr</name>
         <value>0x89bd</value>
         <object_component_ref idref="oc-298"/>
      </symbol>
      <symbol id="sm-b93">
         <name>errno</name>
         <value>0x20004158</value>
         <object_component_ref idref="oc-38d"/>
      </symbol>
      <symbol id="sm-bb3">
         <name>frexpl</name>
         <value>0x83fd</value>
         <object_component_ref idref="oc-377"/>
      </symbol>
      <symbol id="sm-bb4">
         <name>frexp</name>
         <value>0x83fd</value>
         <object_component_ref idref="oc-377"/>
      </symbol>
      <symbol id="sm-bd1">
         <name>scalbn</name>
         <value>0x7b45</value>
         <object_component_ref idref="oc-37d"/>
      </symbol>
      <symbol id="sm-bd2">
         <name>scalbnl</name>
         <value>0x7b45</value>
         <object_component_ref idref="oc-37d"/>
      </symbol>
      <symbol id="sm-bd3">
         <name>ldexpl</name>
         <value>0x7b45</value>
         <object_component_ref idref="oc-37d"/>
      </symbol>
      <symbol id="sm-bd4">
         <name>ldexp</name>
         <value>0x7b45</value>
         <object_component_ref idref="oc-37d"/>
      </symbol>
      <symbol id="sm-bed">
         <name>wcslen</name>
         <value>0x8967</value>
         <object_component_ref idref="oc-292"/>
      </symbol>
      <symbol id="sm-bf7">
         <name>copysign</name>
         <value>0x889d</value>
         <object_component_ref idref="oc-3fb"/>
      </symbol>
      <symbol id="sm-bf8">
         <name>copysignl</name>
         <value>0x889d</value>
         <object_component_ref idref="oc-3fb"/>
      </symbol>
      <symbol id="sm-c02">
         <name>__aeabi_idiv0</name>
         <value>0x5403</value>
         <object_component_ref idref="oc-3e3"/>
      </symbol>
      <symbol id="sm-c03">
         <name>__aeabi_ldiv0</name>
         <value>0x5403</value>
         <object_component_ref idref="oc-3e3"/>
      </symbol>
      <symbol id="sm-c0c">
         <name>__aeabi_lmul</name>
         <value>0x88cf</value>
         <object_component_ref idref="oc-3a7"/>
      </symbol>
      <symbol id="sm-c0d">
         <name>__TI_static_base__</name>
         <value>0x0</value>
      </symbol>
      <symbol id="sm-c10">
         <name>__mpu_init</name>
         <value>0x0</value>
      </symbol>
      <symbol id="sm-c11">
         <name>_system_post_cinit</name>
         <value>0x0</value>
      </symbol>
   </symbol_table>
   <title>Link successful</title>
</link_info>
